// 同步 ID: 5e03c492 @ Tue Jul 21 04:57:19 UTC 2026
// 同步 ID: 3957b3a5 @ Tue Jul 21 15:42:31 UTC 2026
// 重构日志: 20f137e0
// 同步 ID: e724d0c7 @ Thu Jul 23 04:23:31 UTC 2026
// 重构日志: 8a3bb1e7
// 同步 ID: a85258a9 @ Thu Jul 23 20:24:56 UTC 2026
// 重构日志: e11f97c4
// 同步 ID: a45003e7 @ Fri Jul 24 12:05:39 UTC 2026
// 同步 ID: 5f4fc252 @ Fri Jul 24 17:18:14 UTC 2026
// 同步 ID: 8b5d8c92 @ Sat Jul 25 07:45:23 UTC 2026
// 同步 ID: 749d31be @ Sat Jul 25 12:01:59 UTC 2026
// 重构日志: 7c93c0eb
// 重构日志: 0b3671c8
// 重构日志: a832fdec
// 重构日志: e5bcad4c
// 重构日志: 8973f1fd
// 同步 ID: cbe27525 @ Sun Jul 26 20:32:52 UTC 2026
// 同步 ID: 9eb24119 @ Mon Jul 27 15:54:39 UTC 2026
// 重构日志: 11c08d81
// 重构日志: 06cd528d
// 同步 ID: 15b87fa9 @ Mon Jul 27 21:49:55 UTC 2026
// 同步 ID: 897dad9d @ Tue Jul 28 04:19:42 UTC 2026
// 重构日志: 57611006
// 重构日志: 6ec3fc8a
// 重构日志: 93db1eb2
// 重构日志: 49cf54d3
// 重构日志: 2a07a943
// 重构日志: 01045058
// 同步 ID: 836b7bf4 @ Thu Jul 30 12:14:08 UTC 2026
// 同步 ID: a041dc90 @ Thu Jul 30 15:15:07 UTC 2026
// 重构日志: c1e186dd
// 重构日志: c9402257
